08:33:33 **** Incremental Build of configuration Debug for project Taak1app ****
make all 
make --no-print-directory pre-build
a9-linaro-pre-build-step
' '
make --no-print-directory main-build
'Building target: Taak1app.elf'
'Invoking: ARM v7 gcc linker'
'Finished building target: Taak1app.elf'
' '
'Invoking: ARM v7 Print Size'
arm-none-eabi-size Taak1app.elf  |tee "Taak1app.elf.size"
   text	   data	    bss	    dec	    hex	filename
2560841	  11796	30095696	32668333	1f27aad	Taak1app.elf
'Finished building: Taak1app.elf.size'
' '

08:33:42 Build Finished (took 9s.412ms)

